[debug] [2026-02-19T20:37:09.527Z] ----------------------------------------------------------------------
[debug] [2026-02-19T20:37:09.529Z] Command:       C:\Program Files\nodejs\node.exe C:\Users\pedro.ribeiro\AppData\Roaming\npm\node_modules\firebase-tools\lib\bin\firebase.js emulators:start --only functions
[debug] [2026-02-19T20:37:09.529Z] CLI Version:   15.5.1
[debug] [2026-02-19T20:37:09.529Z] Platform:      win32
[debug] [2026-02-19T20:37:09.529Z] Node Version:  v20.17.0
[debug] [2026-02-19T20:37:09.529Z] Time:          Thu Feb 19 2026 17:37:09 GMT-0300 (Horário Padrão de Brasília)
[debug] [2026-02-19T20:37:09.530Z] ----------------------------------------------------------------------
[debug] 
[debug] [2026-02-19T20:37:10.722Z] > command requires scopes: ["email","openid","https://www.googleapis.com/auth/cloudplatformprojects.readonly","https://www.googleapis.com/auth/firebase","https://www.googleapis.com/auth/cloud-platform"]
[debug] [2026-02-19T20:37:10.722Z] > authorizing via signed-in user (pedro.heribeiro6795@gmail.com)
[info] i  emulators: Starting emulators: functions {"metadata":{"emulator":{"name":"hub"},"message":"Starting emulators: functions"}}
[debug] [2026-02-19T20:37:10.731Z] [logging] Logging Emulator only supports listening on one address (127.0.0.1). Not listening on ::1
[debug] [2026-02-19T20:37:10.731Z] assigned listening specs for emulators {"user":{"hub":[{"address":"127.0.0.1","family":"IPv4","port":4400},{"address":"::1","family":"IPv6","port":4400}],"ui":[{"address":"127.0.0.1","family":"IPv4","port":4000},{"address":"::1","family":"IPv6","port":4000}],"logging":[{"address":"127.0.0.1","family":"IPv4","port":4500}]},"metadata":{"message":"assigned listening specs for emulators"}}
[debug] [2026-02-19T20:37:10.736Z] Write emulator hub locator at C:\Users\PEDRO~1.RIB\AppData\Local\Temp\hub-top-100-game.json
[debug] [2026-02-19T20:37:10.751Z] [functions] Functions Emulator only supports listening on one address (127.0.0.1). Not listening on ::1
[debug] [2026-02-19T20:37:10.752Z] [eventarc] Eventarc Emulator only supports listening on one address (127.0.0.1). Not listening on ::1
[debug] [2026-02-19T20:37:10.752Z] [tasks] Cloud Tasks Emulator only supports listening on one address (127.0.0.1). Not listening on ::1
[debug] [2026-02-19T20:37:10.752Z] late-assigned ports for functions and eventarc emulators {"user":{"hub":[{"address":"127.0.0.1","family":"IPv4","port":4400},{"address":"::1","family":"IPv6","port":4400}],"ui":[{"address":"127.0.0.1","family":"IPv4","port":4000},{"address":"::1","family":"IPv6","port":4000}],"logging":[{"address":"127.0.0.1","family":"IPv4","port":4500}],"functions":[{"address":"127.0.0.1","family":"IPv4","port":5001}],"eventarc":[{"address":"127.0.0.1","family":"IPv4","port":9299}],"tasks":[{"address":"127.0.0.1","family":"IPv4","port":9499}]},"metadata":{"message":"late-assigned ports for functions and eventarc emulators"}}
[warn] !  functions: The following emulators are not running, calls to these services from the Functions emulator will affect production: apphosting, auth, firestore, database, hosting, pubsub, storage, dataconnect {"metadata":{"emulator":{"name":"functions"},"message":"The following emulators are not running, calls to these services from the Functions emulator will affect production: \u001b[1mapphosting, auth, firestore, database, hosting, pubsub, storage, dataconnect\u001b[22m"}}
[debug] [2026-02-19T20:37:10.768Z] defaultcredentials: writing to file C:\Users\pedro.ribeiro\AppData\Roaming\firebase\pedro_heribeiro6795_gmail.com_application_default_credentials.json
[debug] [2026-02-19T20:37:10.771Z] Setting GAC to C:\Users\pedro.ribeiro\AppData\Roaming\firebase\pedro_heribeiro6795_gmail.com_application_default_credentials.json {"metadata":{"emulator":{"name":"functions"},"message":"Setting GAC to C:\\Users\\pedro.ribeiro\\AppData\\Roaming\\firebase\\pedro_heribeiro6795_gmail.com_application_default_credentials.json"}}
[debug] [2026-02-19T20:37:10.772Z] Checked if tokens are valid: true, expires at: 1771536539396
[debug] [2026-02-19T20:37:10.773Z] Checked if tokens are valid: true, expires at: 1771536539396
[debug] [2026-02-19T20:37:10.774Z] >>> [apiv2][query] GET https://firebase.googleapis.com/v1beta1/projects/top-100-game/adminSdkConfig [none]
[debug] [2026-02-19T20:37:15.335Z] <<< [apiv2][status] GET https://firebase.googleapis.com/v1beta1/projects/top-100-game/adminSdkConfig 200
[debug] [2026-02-19T20:37:15.335Z] <<< [apiv2][body] GET https://firebase.googleapis.com/v1beta1/projects/top-100-game/adminSdkConfig {"projectId":"top-100-game","storageBucket":"top-100-game.firebasestorage.app"}
[info] i  functions: Watching "C:\Users\pedro.ribeiro\Documents\top-100-game\functions" for Cloud Functions... {"metadata":{"emulator":{"name":"functions"},"message":"Watching \"C:\\Users\\pedro.ribeiro\\Documents\\top-100-game\\functions\" for Cloud Functions..."}}
[debug] [2026-02-19T20:37:15.373Z] Validating nodejs source
[debug] [2026-02-19T20:37:16.714Z] > [functions] package.json contents: {
  "name": "functions",
  "scripts": {
    "lint": "eslint .",
    "build": "tsc",
    "dev": "ts-node-dev --respawn --transpile-only src/index.ts",
    "serve": "npm run build && firebase emulators:start --only functions"
  },
  "engines": {
    "node": "24"
  },
  "main": "lib/index.js",
  "dependencies": {
    "fastify": "^5.7.4",
    "firebase-admin": "^13.6.0",
    "firebase-functions": "^7.0.0"
  },
  "devDependencies": {
    "@typescript-eslint/eslint-plugin": "^5.12.0",
    "@typescript-eslint/parser": "^5.12.0",
    "eslint": "^8.9.0",
    "eslint-config-google": "^0.14.0",
    "eslint-plugin-import": "^2.25.4",
    "firebase-functions-test": "^3.4.1",
    "ts-node-dev": "^2.0.0",
    "typescript": "^5.7.3"
  },
  "private": true
}
[debug] [2026-02-19T20:37:16.715Z] Building nodejs source
[debug] [2026-02-19T20:37:16.716Z] Failed to find version of module node: reached end of search path C:\Users\pedro.ribeiro\Documents\top-100-game\functions\node_modules
[warn] !  functions: Your requested "node" version "24" doesn't match your global version "20". Using node@20 from host. 
[debug] [2026-02-19T20:37:16.721Z] Could not find functions.yaml. Must use http discovery
[debug] [2026-02-19T20:37:16.749Z] Found firebase-functions binary at 'C:\Users\pedro.ribeiro\Documents\top-100-game\functions\node_modules\.bin\firebase-functions'
[info] Serving at port 8251

[debug] [2026-02-19T20:37:17.395Z] Got response from /__/functions.yaml {"endpoints":{"api":{"availableMemoryMb":null,"timeoutSeconds":null,"minInstances":null,"maxInstances":null,"ingressSettings":null,"concurrency":null,"serviceAccountEmail":null,"vpc":null,"platform":"gcfv2","labels":{},"httpsTrigger":{},"entryPoint":"api"}},"specVersion":"v1alpha1","requiredAPIs":[],"extensions":{}}
[info] +  functions: Loaded functions definitions from source: api. {"metadata":{"emulator":{"name":"functions"},"message":"Loaded functions definitions from source: api."}}
[info] +  functions[us-central1-api]: http function initialized (http://127.0.0.1:5001/top-100-game/us-central1/api). {"metadata":{"emulator":{"name":"functions"},"message":"\u001b[1mhttp\u001b[22m function initialized (http://127.0.0.1:5001/top-100-game/us-central1/api)."}}
[debug] [2026-02-19T20:37:22.451Z] Could not find VSCode notification endpoint: FetchError: request to http://localhost:40001/vscode/notify failed, reason: . If you are not running the Firebase Data Connect VSCode extension, this is expected and not an issue.
[info] 
┌─────────────────────────────────────────────────────────────┐
│ ✔  All emulators ready! It is now safe to connect your app. │
│ i  View Emulator UI at http://127.0.0.1:4000/               │
└─────────────────────────────────────────────────────────────┘

┌───────────┬────────────────┬─────────────────────────────────┐
│ Emulator  │ Host:Port      │ View in Emulator UI             │
├───────────┼────────────────┼─────────────────────────────────┤
│ Functions │ 127.0.0.1:5001 │ http://127.0.0.1:4000/functions │
└───────────┴────────────────┴─────────────────────────────────┘
  Emulator Hub host: 127.0.0.1 port: 4400
  Other reserved ports: 4500

Issues? Report them at https://github.com/firebase/firebase-tools/issues and attach the *-debug.log files.
 
[debug] [2026-02-19T20:37:28.289Z] [work-queue] {"queuedWork":["/top-100-game/us-central1/api/games-2026-02-19T20:37:28.289Z"],"queueLength":1,"runningWork":[],"workRunningCount":0}
[debug] [2026-02-19T20:37:28.290Z] [work-queue] {"queuedWork":[],"queueLength":0,"runningWork":["/top-100-game/us-central1/api/games-2026-02-19T20:37:28.289Z"],"workRunningCount":1}
[debug] [2026-02-19T20:37:28.291Z] Accepted request POST /top-100-game/us-central1/api/games --> us-central1-api
[debug] [2026-02-19T20:37:28.293Z] [functions] Runtime ready! Sending request! {"metadata":{"emulator":{"name":"functions"},"message":"[functions] Runtime ready! Sending request!"}}
[debug] [2026-02-19T20:37:28.294Z] [functions] Got req.url=/top-100-game/us-central1/api/games, mapping to path=/games {"metadata":{"emulator":{"name":"functions"},"message":"[functions] Got req.url=/top-100-game/us-central1/api/games, mapping to path=/games"}}
[debug] [2026-02-19T20:37:28.335Z] [worker-pool] addWorker(us-central1-api) {"metadata":{"emulator":{"name":"functions"},"message":"[worker-pool] addWorker(us-central1-api)"}}
[debug] [2026-02-19T20:37:28.336Z] [worker-pool] Adding worker with key us-central1-api, total=1 {"metadata":{"emulator":{"name":"functions"},"message":"[worker-pool] Adding worker with key us-central1-api, total=1"}}
[debug] [2026-02-19T20:37:29.156Z] [runtime-status] [24784] Resolved module firebase-admin {"declared":true,"installed":true,"version":"13.6.1","resolution":"C:\\Users\\pedro.ribeiro\\Documents\\top-100-game\\functions\\node_modules\\firebase-admin\\lib\\index.js"} {"metadata":{"emulator":{"name":"functions"},"function":{"name":"us-central1-api"},"extension":{},"message":"[runtime-status] [24784] Resolved module firebase-admin {\"declared\":true,\"installed\":true,\"version\":\"13.6.1\",\"resolution\":\"C:\\\\Users\\\\pedro.ribeiro\\\\Documents\\\\top-100-game\\\\functions\\\\node_modules\\\\firebase-admin\\\\lib\\\\index.js\"}"}}
[debug] [2026-02-19T20:37:29.158Z] [runtime-status] [24784] Resolved module firebase-functions {"declared":true,"installed":true,"version":"7.0.5","resolution":"C:\\Users\\pedro.ribeiro\\Documents\\top-100-game\\functions\\node_modules\\firebase-functions\\lib\\v2\\index.js"} {"metadata":{"emulator":{"name":"functions"},"function":{"name":"us-central1-api"},"extension":{},"message":"[runtime-status] [24784] Resolved module firebase-functions {\"declared\":true,\"installed\":true,\"version\":\"7.0.5\",\"resolution\":\"C:\\\\Users\\\\pedro.ribeiro\\\\Documents\\\\top-100-game\\\\functions\\\\node_modules\\\\firebase-functions\\\\lib\\\\v2\\\\index.js\"}"}}
[debug] [2026-02-19T20:37:29.159Z] [runtime-status] [24784] Outgoing network have been stubbed. [{"name":"http","status":"mocked"},{"name":"http","status":"mocked"},{"name":"https","status":"mocked"},{"name":"https","status":"mocked"},{"name":"net","status":"mocked"}] {"metadata":{"emulator":{"name":"functions"},"function":{"name":"us-central1-api"},"extension":{},"message":"[runtime-status] [24784] Outgoing network have been stubbed. [{\"name\":\"http\",\"status\":\"mocked\"},{\"name\":\"http\",\"status\":\"mocked\"},{\"name\":\"https\",\"status\":\"mocked\"},{\"name\":\"https\",\"status\":\"mocked\"},{\"name\":\"net\",\"status\":\"mocked\"}]"}}
[debug] [2026-02-19T20:37:29.159Z] [runtime-status] [24784] Resolved module firebase-functions {"declared":true,"installed":true,"version":"7.0.5","resolution":"C:\\Users\\pedro.ribeiro\\Documents\\top-100-game\\functions\\node_modules\\firebase-functions\\lib\\v2\\index.js"} {"metadata":{"emulator":{"name":"functions"},"function":{"name":"us-central1-api"},"extension":{},"message":"[runtime-status] [24784] Resolved module firebase-functions {\"declared\":true,\"installed\":true,\"version\":\"7.0.5\",\"resolution\":\"C:\\\\Users\\\\pedro.ribeiro\\\\Documents\\\\top-100-game\\\\functions\\\\node_modules\\\\firebase-functions\\\\lib\\\\v2\\\\index.js\"}"}}
[debug] [2026-02-19T20:37:29.160Z] [runtime-status] [24784] Detected firebase-functions v7+, skipping legacy stubs. {"metadata":{"emulator":{"name":"functions"},"function":{"name":"us-central1-api"},"extension":{},"message":"[runtime-status] [24784] Detected firebase-functions v7+, skipping legacy stubs."}}
[debug] [2026-02-19T20:37:29.160Z] [runtime-status] [24784] Resolved module firebase-admin {"declared":true,"installed":true,"version":"13.6.1","resolution":"C:\\Users\\pedro.ribeiro\\Documents\\top-100-game\\functions\\node_modules\\firebase-admin\\lib\\index.js"} {"metadata":{"emulator":{"name":"functions"},"function":{"name":"us-central1-api"},"extension":{},"message":"[runtime-status] [24784] Resolved module firebase-admin {\"declared\":true,\"installed\":true,\"version\":\"13.6.1\",\"resolution\":\"C:\\\\Users\\\\pedro.ribeiro\\\\Documents\\\\top-100-game\\\\functions\\\\node_modules\\\\firebase-admin\\\\lib\\\\index.js\"}"}}
[debug] [2026-02-19T20:37:29.237Z] [runtime-status] [24784] Resolved module firebase-functions {"declared":true,"installed":true,"version":"7.0.5","resolution":"C:\\Users\\pedro.ribeiro\\Documents\\top-100-game\\functions\\node_modules\\firebase-functions\\lib\\v2\\index.js"} {"metadata":{"emulator":{"name":"functions"},"function":{"name":"us-central1-api"},"extension":{},"message":"[runtime-status] [24784] Resolved module firebase-functions {\"declared\":true,\"installed\":true,\"version\":\"7.0.5\",\"resolution\":\"C:\\\\Users\\\\pedro.ribeiro\\\\Documents\\\\top-100-game\\\\functions\\\\node_modules\\\\firebase-functions\\\\lib\\\\v2\\\\index.js\"}"}}
[debug] [2026-02-19T20:37:29.463Z] [runtime-status] [24784] firebase-admin has been stubbed. {"adminResolution":{"declared":true,"installed":true,"version":"13.6.1","resolution":"C:\\Users\\pedro.ribeiro\\Documents\\top-100-game\\functions\\node_modules\\firebase-admin\\lib\\index.js"}} {"metadata":{"emulator":{"name":"functions"},"function":{"name":"us-central1-api"},"extension":{},"message":"[runtime-status] [24784] firebase-admin has been stubbed. {\"adminResolution\":{\"declared\":true,\"installed\":true,\"version\":\"13.6.1\",\"resolution\":\"C:\\\\Users\\\\pedro.ribeiro\\\\Documents\\\\top-100-game\\\\functions\\\\node_modules\\\\firebase-admin\\\\lib\\\\index.js\"}}"}}
[debug] [2026-02-19T20:37:29.563Z] [runtime-status] [24784] initializeApp(DEFAULT) {"storageBucket":"top-100-game.firebasestorage.app","projectId":"top-100-game"} {"metadata":{"emulator":{"name":"functions"},"function":{"name":"us-central1-api"},"extension":{},"message":"[runtime-status] [24784] initializeApp(DEFAULT) {\"storageBucket\":\"top-100-game.firebasestorage.app\",\"projectId\":\"top-100-game\"}"}}
[warn] !  functions: The Cloud Firestore emulator is not running, so calls to Firestore will affect production. {"metadata":{"emulator":{"name":"functions"},"function":{"name":"us-central1-api"},"extension":{},"message":"The Cloud Firestore emulator is not running, so calls to Firestore will affect production."}}
[debug] [2026-02-19T20:37:29.571Z] [runtime-status] [24784] Functions runtime initialized. {"cwd":"C:\\Users\\pedro.ribeiro\\Documents\\top-100-game\\functions","node_version":"20.17.0"} {"metadata":{"emulator":{"name":"functions"},"function":{"name":"us-central1-api"},"extension":{},"message":"[runtime-status] [24784] Functions runtime initialized. {\"cwd\":\"C:\\\\Users\\\\pedro.ribeiro\\\\Documents\\\\top-100-game\\\\functions\",\"node_version\":\"20.17.0\"}"}}
[debug] [2026-02-19T20:37:29.572Z] [runtime-status] [24784] Listening to port: \\?\pipe\fire_emu_d6d506e8571e5958 {"metadata":{"emulator":{"name":"functions"},"function":{"name":"us-central1-api"},"extension":{},"message":"[runtime-status] [24784] Listening to port: \\\\?\\pipe\\fire_emu_d6d506e8571e5958"}}
[debug] [2026-02-19T20:37:29.653Z] [worker-us-central1-api-0dd4cd4c-92e8-4bc1-b4e4-163ef42f77e0]: IDLE {"metadata":{"emulator":{"name":"functions"},"function":{"name":"us-central1-api"},"extension":{},"message":"[worker-us-central1-api-0dd4cd4c-92e8-4bc1-b4e4-163ef42f77e0]: IDLE"}}
[debug] [2026-02-19T20:37:29.654Z] [worker-pool] submitRequest(triggerId=us-central1-api) {"metadata":{"emulator":{"name":"functions"},"message":"[worker-pool] submitRequest(triggerId=us-central1-api)"}}
[info] i  functions: Beginning execution of "us-central1-api" {"metadata":{"emulator":{"name":"functions"},"function":{"name":"us-central1-api"},"extension":{},"message":"Beginning execution of \"us-central1-api\""}}
[debug] [2026-02-19T20:37:29.655Z] [worker-us-central1-api-0dd4cd4c-92e8-4bc1-b4e4-163ef42f77e0]: BUSY {"metadata":{"emulator":{"name":"functions"},"function":{"name":"us-central1-api"},"extension":{},"message":"[worker-us-central1-api-0dd4cd4c-92e8-4bc1-b4e4-163ef42f77e0]: BUSY"}}
[warn] !  Google API requested!
   - URL: "https://oauth2.googleapis.com/token"
   - Be careful, this may be a production service. {"metadata":{"emulator":{"name":"functions"},"function":{"name":"us-central1-api"},"extension":{},"message":"Google API requested!\n   - URL: \"https://oauth2.googleapis.com/token\"\n   - Be careful, this may be a production service."}}
[info] >  Error: 5 NOT_FOUND:  {"user":"Error: 5 NOT_FOUND: ","metadata":{"emulator":{"name":"functions"},"function":{"name":"us-central1-api"},"extension":{},"message":"\u001b[90m> \u001b[39m Error: 5 NOT_FOUND: "}}
[info] >      at callErrorFromStatus (C:\Users\pedro.ribeiro\Documents\top-100-game\functions\node_modules\@grpc\grpc-js\build\src\call.js:32:19) {"user":"    at callErrorFromStatus (C:\\Users\\pedro.ribeiro\\Documents\\top-100-game\\functions\\node_modules\\@grpc\\grpc-js\\build\\src\\call.js:32:19)","metadata":{"emulator":{"name":"functions"},"function":{"name":"us-central1-api"},"extension":{},"message":"\u001b[90m> \u001b[39m     at callErrorFromStatus (C:\\Users\\pedro.ribeiro\\Documents\\top-100-game\\functions\\node_modules\\@grpc\\grpc-js\\build\\src\\call.js:32:19)"}}
[info] >      at Object.onReceiveStatus (C:\Users\pedro.ribeiro\Documents\top-100-game\functions\node_modules\@grpc\grpc-js\build\src\client.js:193:76) {"user":"    at Object.onReceiveStatus (C:\\Users\\pedro.ribeiro\\Documents\\top-100-game\\functions\\node_modules\\@grpc\\grpc-js\\build\\src\\client.js:193:76)","metadata":{"emulator":{"name":"functions"},"function":{"name":"us-central1-api"},"extension":{},"message":"\u001b[90m> \u001b[39m     at Object.onReceiveStatus (C:\\Users\\pedro.ribeiro\\Documents\\top-100-game\\functions\\node_modules\\@grpc\\grpc-js\\build\\src\\client.js:193:76)"}}
[info] >      at Object.onReceiveStatus (C:\Users\pedro.ribeiro\Documents\top-100-game\functions\node_modules\@grpc\grpc-js\build\src\client-interceptors.js:367:141) {"user":"    at Object.onReceiveStatus (C:\\Users\\pedro.ribeiro\\Documents\\top-100-game\\functions\\node_modules\\@grpc\\grpc-js\\build\\src\\client-interceptors.js:367:141)","metadata":{"emulator":{"name":"functions"},"function":{"name":"us-central1-api"},"extension":{},"message":"\u001b[90m> \u001b[39m     at Object.onReceiveStatus (C:\\Users\\pedro.ribeiro\\Documents\\top-100-game\\functions\\node_modules\\@grpc\\grpc-js\\build\\src\\client-interceptors.js:367:141)"}}
[info] >      at Object.onReceiveStatus (C:\Users\pedro.ribeiro\Documents\top-100-game\functions\node_modules\@grpc\grpc-js\build\src\client-interceptors.js:327:181) {"user":"    at Object.onReceiveStatus (C:\\Users\\pedro.ribeiro\\Documents\\top-100-game\\functions\\node_modules\\@grpc\\grpc-js\\build\\src\\client-interceptors.js:327:181)","metadata":{"emulator":{"name":"functions"},"function":{"name":"us-central1-api"},"extension":{},"message":"\u001b[90m> \u001b[39m     at Object.onReceiveStatus (C:\\Users\\pedro.ribeiro\\Documents\\top-100-game\\functions\\node_modules\\@grpc\\grpc-js\\build\\src\\client-interceptors.js:327:181)"}}
[info] >      at C:\Users\pedro.ribeiro\Documents\top-100-game\functions\node_modules\@grpc\grpc-js\build\src\resolving-call.js:135:78 {"user":"    at C:\\Users\\pedro.ribeiro\\Documents\\top-100-game\\functions\\node_modules\\@grpc\\grpc-js\\build\\src\\resolving-call.js:135:78","metadata":{"emulator":{"name":"functions"},"function":{"name":"us-central1-api"},"extension":{},"message":"\u001b[90m> \u001b[39m     at C:\\Users\\pedro.ribeiro\\Documents\\top-100-game\\functions\\node_modules\\@grpc\\grpc-js\\build\\src\\resolving-call.js:135:78"}}
[info] >      at process.processTicksAndRejections (node:internal/process/task_queues:77:11) {"user":"    at process.processTicksAndRejections (node:internal/process/task_queues:77:11)","metadata":{"emulator":{"name":"functions"},"function":{"name":"us-central1-api"},"extension":{},"message":"\u001b[90m> \u001b[39m     at process.processTicksAndRejections (node:internal/process/task_queues:77:11)"}}
[info] >  for call at {"user":"for call at","metadata":{"emulator":{"name":"functions"},"function":{"name":"us-central1-api"},"extension":{},"message":"\u001b[90m> \u001b[39m for call at"}}
[info] >      at ServiceClientImpl.makeUnaryRequest (C:\Users\pedro.ribeiro\Documents\top-100-game\functions\node_modules\@grpc\grpc-js\build\src\client.js:161:32) {"user":"    at ServiceClientImpl.makeUnaryRequest (C:\\Users\\pedro.ribeiro\\Documents\\top-100-game\\functions\\node_modules\\@grpc\\grpc-js\\build\\src\\client.js:161:32)","metadata":{"emulator":{"name":"functions"},"function":{"name":"us-central1-api"},"extension":{},"message":"\u001b[90m> \u001b[39m     at ServiceClientImpl.makeUnaryRequest (C:\\Users\\pedro.ribeiro\\Documents\\top-100-game\\functions\\node_modules\\@grpc\\grpc-js\\build\\src\\client.js:161:32)"}}
[info] >      at ServiceClientImpl.<anonymous> (C:\Users\pedro.ribeiro\Documents\top-100-game\functions\node_modules\@grpc\grpc-js\build\src\make-client.js:105:19) {"user":"    at ServiceClientImpl.<anonymous> (C:\\Users\\pedro.ribeiro\\Documents\\top-100-game\\functions\\node_modules\\@grpc\\grpc-js\\build\\src\\make-client.js:105:19)","metadata":{"emulator":{"name":"functions"},"function":{"name":"us-central1-api"},"extension":{},"message":"\u001b[90m> \u001b[39m     at ServiceClientImpl.<anonymous> (C:\\Users\\pedro.ribeiro\\Documents\\top-100-game\\functions\\node_modules\\@grpc\\grpc-js\\build\\src\\make-client.js:105:19)"}}
[info] >      at C:\Users\pedro.ribeiro\Documents\top-100-game\functions\node_modules\@google-cloud\firestore\build\src\v1\firestore_client.js:242:33 {"user":"    at C:\\Users\\pedro.ribeiro\\Documents\\top-100-game\\functions\\node_modules\\@google-cloud\\firestore\\build\\src\\v1\\firestore_client.js:242:33","metadata":{"emulator":{"name":"functions"},"function":{"name":"us-central1-api"},"extension":{},"message":"\u001b[90m> \u001b[39m     at C:\\Users\\pedro.ribeiro\\Documents\\top-100-game\\functions\\node_modules\\@google-cloud\\firestore\\build\\src\\v1\\firestore_client.js:242:33"}}
[info] >      at C:\Users\pedro.ribeiro\Documents\top-100-game\functions\node_modules\google-gax\build\src\normalCalls\timeout.js:44:16 {"user":"    at C:\\Users\\pedro.ribeiro\\Documents\\top-100-game\\functions\\node_modules\\google-gax\\build\\src\\normalCalls\\timeout.js:44:16","metadata":{"emulator":{"name":"functions"},"function":{"name":"us-central1-api"},"extension":{},"message":"\u001b[90m> \u001b[39m     at C:\\Users\\pedro.ribeiro\\Documents\\top-100-game\\functions\\node_modules\\google-gax\\build\\src\\normalCalls\\timeout.js:44:16"}}
[info] >      at repeat (C:\Users\pedro.ribeiro\Documents\top-100-game\functions\node_modules\google-gax\build\src\normalCalls\retries.js:82:25) {"user":"    at repeat (C:\\Users\\pedro.ribeiro\\Documents\\top-100-game\\functions\\node_modules\\google-gax\\build\\src\\normalCalls\\retries.js:82:25)","metadata":{"emulator":{"name":"functions"},"function":{"name":"us-central1-api"},"extension":{},"message":"\u001b[90m> \u001b[39m     at repeat (C:\\Users\\pedro.ribeiro\\Documents\\top-100-game\\functions\\node_modules\\google-gax\\build\\src\\normalCalls\\retries.js:82:25)"}}
[info] >      at C:\Users\pedro.ribeiro\Documents\top-100-game\functions\node_modules\google-gax\build\src\normalCalls\retries.js:125:13 {"user":"    at C:\\Users\\pedro.ribeiro\\Documents\\top-100-game\\functions\\node_modules\\google-gax\\build\\src\\normalCalls\\retries.js:125:13","metadata":{"emulator":{"name":"functions"},"function":{"name":"us-central1-api"},"extension":{},"message":"\u001b[90m> \u001b[39m     at C:\\Users\\pedro.ribeiro\\Documents\\top-100-game\\functions\\node_modules\\google-gax\\build\\src\\normalCalls\\retries.js:125:13"}}
[info] >      at OngoingCallPromise.call (C:\Users\pedro.ribeiro\Documents\top-100-game\functions\node_modules\google-gax\build\src\call.js:67:27) {"user":"    at OngoingCallPromise.call (C:\\Users\\pedro.ribeiro\\Documents\\top-100-game\\functions\\node_modules\\google-gax\\build\\src\\call.js:67:27)","metadata":{"emulator":{"name":"functions"},"function":{"name":"us-central1-api"},"extension":{},"message":"\u001b[90m> \u001b[39m     at OngoingCallPromise.call (C:\\Users\\pedro.ribeiro\\Documents\\top-100-game\\functions\\node_modules\\google-gax\\build\\src\\call.js:67:27)"}}
[info] >      at NormalApiCaller.call (C:\Users\pedro.ribeiro\Documents\top-100-game\functions\node_modules\google-gax\build\src\normalCalls\normalApiCaller.js:34:19) {"user":"    at NormalApiCaller.call (C:\\Users\\pedro.ribeiro\\Documents\\top-100-game\\functions\\node_modules\\google-gax\\build\\src\\normalCalls\\normalApiCaller.js:34:19)","metadata":{"emulator":{"name":"functions"},"function":{"name":"us-central1-api"},"extension":{},"message":"\u001b[90m> \u001b[39m     at NormalApiCaller.call (C:\\Users\\pedro.ribeiro\\Documents\\top-100-game\\functions\\node_modules\\google-gax\\build\\src\\normalCalls\\normalApiCaller.js:34:19)"}}
[info] >      at C:\Users\pedro.ribeiro\Documents\top-100-game\functions\node_modules\google-gax\build\src\createApiCall.js:112:30 {"user":"    at C:\\Users\\pedro.ribeiro\\Documents\\top-100-game\\functions\\node_modules\\google-gax\\build\\src\\createApiCall.js:112:30","metadata":{"emulator":{"name":"functions"},"function":{"name":"us-central1-api"},"extension":{},"message":"\u001b[90m> \u001b[39m     at C:\\Users\\pedro.ribeiro\\Documents\\top-100-game\\functions\\node_modules\\google-gax\\build\\src\\createApiCall.js:112:30"}}
[info] >      at process.processTicksAndRejections (node:internal/process/task_queues:95:5) {"user":"    at process.processTicksAndRejections (node:internal/process/task_queues:95:5)","metadata":{"emulator":{"name":"functions"},"function":{"name":"us-central1-api"},"extension":{},"message":"\u001b[90m> \u001b[39m     at process.processTicksAndRejections (node:internal/process/task_queues:95:5)"}}
[info] >  Caused by: Error {"user":"Caused by: Error","metadata":{"emulator":{"name":"functions"},"function":{"name":"us-central1-api"},"extension":{},"message":"\u001b[90m> \u001b[39m Caused by: Error"}}
[info] >      at _firestore._traceUtil.startActiveSpan (C:\Users\pedro.ribeiro\Documents\top-100-game\functions\node_modules\@google-cloud\firestore\build\src\write-batch.js:438:27) {"user":"    at _firestore._traceUtil.startActiveSpan (C:\\Users\\pedro.ribeiro\\Documents\\top-100-game\\functions\\node_modules\\@google-cloud\\firestore\\build\\src\\write-batch.js:438:27)","metadata":{"emulator":{"name":"functions"},"function":{"name":"us-central1-api"},"extension":{},"message":"\u001b[90m> \u001b[39m     at _firestore._traceUtil.startActiveSpan (C:\\Users\\pedro.ribeiro\\Documents\\top-100-game\\functions\\node_modules\\@google-cloud\\firestore\\build\\src\\write-batch.js:438:27)"}}
[info] >      at C:\Users\pedro.ribeiro\Documents\top-100-game\functions\node_modules\@google-cloud\firestore\build\src\telemetry\enabled-trace-util.js:110:30 {"user":"    at C:\\Users\\pedro.ribeiro\\Documents\\top-100-game\\functions\\node_modules\\@google-cloud\\firestore\\build\\src\\telemetry\\enabled-trace-util.js:110:30","metadata":{"emulator":{"name":"functions"},"function":{"name":"us-central1-api"},"extension":{},"message":"\u001b[90m> \u001b[39m     at C:\\Users\\pedro.ribeiro\\Documents\\top-100-game\\functions\\node_modules\\@google-cloud\\firestore\\build\\src\\telemetry\\enabled-trace-util.js:110:30"}}
[info] >      at NoopContextManager.with (C:\Users\pedro.ribeiro\Documents\top-100-game\functions\node_modules\@opentelemetry\api\build\src\context\NoopContextManager.js:25:19) {"user":"    at NoopContextManager.with (C:\\Users\\pedro.ribeiro\\Documents\\top-100-game\\functions\\node_modules\\@opentelemetry\\api\\build\\src\\context\\NoopContextManager.js:25:19)","metadata":{"emulator":{"name":"functions"},"function":{"name":"us-central1-api"},"extension":{},"message":"\u001b[90m> \u001b[39m     at NoopContextManager.with (C:\\Users\\pedro.ribeiro\\Documents\\top-100-game\\functions\\node_modules\\@opentelemetry\\api\\build\\src\\context\\NoopContextManager.js:25:19)"}}
[info] >      at ContextAPI.with (C:\Users\pedro.ribeiro\Documents\top-100-game\functions\node_modules\@opentelemetry\api\build\src\api\context.js:60:46) {"user":"    at ContextAPI.with (C:\\Users\\pedro.ribeiro\\Documents\\top-100-game\\functions\\node_modules\\@opentelemetry\\api\\build\\src\\api\\context.js:60:46)","metadata":{"emulator":{"name":"functions"},"function":{"name":"us-central1-api"},"extension":{},"message":"\u001b[90m> \u001b[39m     at ContextAPI.with (C:\\Users\\pedro.ribeiro\\Documents\\top-100-game\\functions\\node_modules\\@opentelemetry\\api\\build\\src\\api\\context.js:60:46)"}}
[info] >      at NoopTracer.startActiveSpan (C:\Users\pedro.ribeiro\Documents\top-100-game\functions\node_modules\@opentelemetry\api\build\src\trace\NoopTracer.js:65:31) {"user":"    at NoopTracer.startActiveSpan (C:\\Users\\pedro.ribeiro\\Documents\\top-100-game\\functions\\node_modules\\@opentelemetry\\api\\build\\src\\trace\\NoopTracer.js:65:31)","metadata":{"emulator":{"name":"functions"},"function":{"name":"us-central1-api"},"extension":{},"message":"\u001b[90m> \u001b[39m     at NoopTracer.startActiveSpan (C:\\Users\\pedro.ribeiro\\Documents\\top-100-game\\functions\\node_modules\\@opentelemetry\\api\\build\\src\\trace\\NoopTracer.js:65:31)"}}
[info] >      at ProxyTracer.startActiveSpan (C:\Users\pedro.ribeiro\Documents\top-100-game\functions\node_modules\@opentelemetry\api\build\src\trace\ProxyTracer.js:36:24) {"user":"    at ProxyTracer.startActiveSpan (C:\\Users\\pedro.ribeiro\\Documents\\top-100-game\\functions\\node_modules\\@opentelemetry\\api\\build\\src\\trace\\ProxyTracer.js:36:24)","metadata":{"emulator":{"name":"functions"},"function":{"name":"us-central1-api"},"extension":{},"message":"\u001b[90m> \u001b[39m     at ProxyTracer.startActiveSpan (C:\\Users\\pedro.ribeiro\\Documents\\top-100-game\\functions\\node_modules\\@opentelemetry\\api\\build\\src\\trace\\ProxyTracer.js:36:24)"}}
[info] >      at EnabledTraceUtil.startActiveSpan (C:\Users\pedro.ribeiro\Documents\top-100-game\functions\node_modules\@google-cloud\firestore\build\src\telemetry\enabled-trace-util.js:102:28) {"user":"    at EnabledTraceUtil.startActiveSpan (C:\\Users\\pedro.ribeiro\\Documents\\top-100-game\\functions\\node_modules\\@google-cloud\\firestore\\build\\src\\telemetry\\enabled-trace-util.js:102:28)","metadata":{"emulator":{"name":"functions"},"function":{"name":"us-central1-api"},"extension":{},"message":"\u001b[90m> \u001b[39m     at EnabledTraceUtil.startActiveSpan (C:\\Users\\pedro.ribeiro\\Documents\\top-100-game\\functions\\node_modules\\@google-cloud\\firestore\\build\\src\\telemetry\\enabled-trace-util.js:102:28)"}}
[info] >      at WriteBatch.commit (C:\Users\pedro.ribeiro\Documents\top-100-game\functions\node_modules\@google-cloud\firestore\build\src\write-batch.js:436:43) {"user":"    at WriteBatch.commit (C:\\Users\\pedro.ribeiro\\Documents\\top-100-game\\functions\\node_modules\\@google-cloud\\firestore\\build\\src\\write-batch.js:436:43)","metadata":{"emulator":{"name":"functions"},"function":{"name":"us-central1-api"},"extension":{},"message":"\u001b[90m> \u001b[39m     at WriteBatch.commit (C:\\Users\\pedro.ribeiro\\Documents\\top-100-game\\functions\\node_modules\\@google-cloud\\firestore\\build\\src\\write-batch.js:436:43)"}}
[info] >      at C:\Users\pedro.ribeiro\Documents\top-100-game\functions\node_modules\@google-cloud\firestore\build\src\reference\document-reference.js:350:31 {"user":"    at C:\\Users\\pedro.ribeiro\\Documents\\top-100-game\\functions\\node_modules\\@google-cloud\\firestore\\build\\src\\reference\\document-reference.js:350:31","metadata":{"emulator":{"name":"functions"},"function":{"name":"us-central1-api"},"extension":{},"message":"\u001b[90m> \u001b[39m     at C:\\Users\\pedro.ribeiro\\Documents\\top-100-game\\functions\\node_modules\\@google-cloud\\firestore\\build\\src\\reference\\document-reference.js:350:31"}}
[info] >      at C:\Users\pedro.ribeiro\Documents\top-100-game\functions\node_modules\@google-cloud\firestore\build\src\telemetry\enabled-trace-util.js:110:30 { {"user":"    at C:\\Users\\pedro.ribeiro\\Documents\\top-100-game\\functions\\node_modules\\@google-cloud\\firestore\\build\\src\\telemetry\\enabled-trace-util.js:110:30 {","metadata":{"emulator":{"name":"functions"},"function":{"name":"us-central1-api"},"extension":{},"message":"\u001b[90m> \u001b[39m     at C:\\Users\\pedro.ribeiro\\Documents\\top-100-game\\functions\\node_modules\\@google-cloud\\firestore\\build\\src\\telemetry\\enabled-trace-util.js:110:30 {"}}
[info] >    code: 5, {"user":"  code: 5,","metadata":{"emulator":{"name":"functions"},"function":{"name":"us-central1-api"},"extension":{},"message":"\u001b[90m> \u001b[39m   code: 5,"}}
[info] >    details: '', {"user":"  details: '',","metadata":{"emulator":{"name":"functions"},"function":{"name":"us-central1-api"},"extension":{},"message":"\u001b[90m> \u001b[39m   details: '',"}}
[info] >    metadata: Metadata { {"user":"  metadata: Metadata {","metadata":{"emulator":{"name":"functions"},"function":{"name":"us-central1-api"},"extension":{},"message":"\u001b[90m> \u001b[39m   metadata: Metadata {"}}
[info] >      internalRepr: Map(1) { 'x-debug-tracking-id' => [Array] }, {"user":"    internalRepr: Map(1) { 'x-debug-tracking-id' => [Array] },","metadata":{"emulator":{"name":"functions"},"function":{"name":"us-central1-api"},"extension":{},"message":"\u001b[90m> \u001b[39m     internalRepr: Map(1) { 'x-debug-tracking-id' => [Array] },"}}
[info] >      opaqueData: Map(0) {}, {"user":"    opaqueData: Map(0) {},","metadata":{"emulator":{"name":"functions"},"function":{"name":"us-central1-api"},"extension":{},"message":"\u001b[90m> \u001b[39m     opaqueData: Map(0) {},"}}
[info] >      options: {} {"user":"    options: {}","metadata":{"emulator":{"name":"functions"},"function":{"name":"us-central1-api"},"extension":{},"message":"\u001b[90m> \u001b[39m     options: {}"}}
[info] >    }, {"user":"  },","metadata":{"emulator":{"name":"functions"},"function":{"name":"us-central1-api"},"extension":{},"message":"\u001b[90m> \u001b[39m   },"}}
[info] >    note: 'Exception occurred in retry method that was not classified as transient' {"user":"  note: 'Exception occurred in retry method that was not classified as transient'","metadata":{"emulator":{"name":"functions"},"function":{"name":"us-central1-api"},"extension":{},"message":"\u001b[90m> \u001b[39m   note: 'Exception occurred in retry method that was not classified as transient'"}}
[info] >  } {"user":"}","metadata":{"emulator":{"name":"functions"},"function":{"name":"us-central1-api"},"extension":{},"message":"\u001b[90m> \u001b[39m }"}}
[debug] [2026-02-19T20:37:31.143Z] Finishing up request with event=pause {"metadata":{"emulator":{"name":"functions"},"function":{"name":"us-central1-api"},"extension":{},"message":"Finishing up request with event=pause"}}
[info] i  functions: Finished "us-central1-api" in 1488.9196ms {"metadata":{"emulator":{"name":"functions"},"function":{"name":"us-central1-api"},"extension":{},"message":"Finished \"us-central1-api\" in 1488.9196ms"}}
[debug] [2026-02-19T20:37:31.144Z] [worker-us-central1-api-0dd4cd4c-92e8-4bc1-b4e4-163ef42f77e0]: IDLE {"metadata":{"emulator":{"name":"functions"},"function":{"name":"us-central1-api"},"extension":{},"message":"[worker-us-central1-api-0dd4cd4c-92e8-4bc1-b4e4-163ef42f77e0]: IDLE"}}
[debug] [2026-02-19T20:37:31.145Z] Finishing up request with event=finish {"metadata":{"emulator":{"name":"functions"},"function":{"name":"us-central1-api"},"extension":{},"message":"Finishing up request with event=finish"}}
[debug] [2026-02-19T20:37:31.145Z] Finishing up request with event=close {"metadata":{"emulator":{"name":"functions"},"function":{"name":"us-central1-api"},"extension":{},"message":"Finishing up request with event=close"}}
[debug] [2026-02-19T20:37:31.146Z] [work-queue] {"queuedWork":[],"queueLength":0,"runningWork":[],"workRunningCount":0}
